C:\Users\costi\OneDrive\Escritorio\docs\CTD\Bimestre 5\backendproyectos\ProyectoClinica\clinica\clinica\src\main\java\com\example\clinica\exception\BadRequestException.java
C:\Users\costi\OneDrive\Escritorio\docs\CTD\Bimestre 5\backendproyectos\ProyectoClinica\clinica\clinica\src\main\java\com\example\clinica\service\DomicilioService.java
C:\Users\costi\OneDrive\Escritorio\docs\CTD\Bimestre 5\backendproyectos\ProyectoClinica\clinica\clinica\src\main\java\com\example\clinica\exception\GlobalExceptionHandler.java
C:\Users\costi\OneDrive\Escritorio\docs\CTD\Bimestre 5\backendproyectos\ProyectoClinica\clinica\clinica\src\main\java\com\example\clinica\entities\Domicilio.java
C:\Users\costi\OneDrive\Escritorio\docs\CTD\Bimestre 5\backendproyectos\ProyectoClinica\clinica\clinica\src\main\java\com\example\clinica\ClinicaApplication.java
C:\Users\costi\OneDrive\Escritorio\docs\CTD\Bimestre 5\backendproyectos\ProyectoClinica\clinica\clinica\src\main\java\com\example\clinica\exception\ResourceNotFoundException.java
C:\Users\costi\OneDrive\Escritorio\docs\CTD\Bimestre 5\backendproyectos\ProyectoClinica\clinica\clinica\src\main\java\com\example\clinica\service\PacienteService.java
C:\Users\costi\OneDrive\Escritorio\docs\CTD\Bimestre 5\backendproyectos\ProyectoClinica\clinica\clinica\src\main\java\com\example\clinica\repository\UsuarioRepository.java
C:\Users\costi\OneDrive\Escritorio\docs\CTD\Bimestre 5\backendproyectos\ProyectoClinica\clinica\clinica\src\main\java\com\example\clinica\service\OdontologoService.java
C:\Users\costi\OneDrive\Escritorio\docs\CTD\Bimestre 5\backendproyectos\ProyectoClinica\clinica\clinica\src\main\java\com\example\clinica\entities\Odontologo.java
C:\Users\costi\OneDrive\Escritorio\docs\CTD\Bimestre 5\backendproyectos\ProyectoClinica\clinica\clinica\src\main\java\com\example\clinica\security\CargadoraDeDatos.java
C:\Users\costi\OneDrive\Escritorio\docs\CTD\Bimestre 5\backendproyectos\ProyectoClinica\clinica\clinica\src\main\java\com\example\clinica\controller\OdontologoController.java
C:\Users\costi\OneDrive\Escritorio\docs\CTD\Bimestre 5\backendproyectos\ProyectoClinica\clinica\clinica\src\main\java\com\example\clinica\repository\OdontologoRepository.java
C:\Users\costi\OneDrive\Escritorio\docs\CTD\Bimestre 5\backendproyectos\ProyectoClinica\clinica\clinica\src\main\java\com\example\clinica\security\SecurityConfiguration.java
C:\Users\costi\OneDrive\Escritorio\docs\CTD\Bimestre 5\backendproyectos\ProyectoClinica\clinica\clinica\src\main\java\com\example\clinica\entities\Turno.java
C:\Users\costi\OneDrive\Escritorio\docs\CTD\Bimestre 5\backendproyectos\ProyectoClinica\clinica\clinica\src\main\java\com\example\clinica\security\PasswordEncoder.java
C:\Users\costi\OneDrive\Escritorio\docs\CTD\Bimestre 5\backendproyectos\ProyectoClinica\clinica\clinica\src\main\java\com\example\clinica\repository\DomicilioRepository.java
C:\Users\costi\OneDrive\Escritorio\docs\CTD\Bimestre 5\backendproyectos\ProyectoClinica\clinica\clinica\src\main\java\com\example\clinica\entities\Paciente.java
C:\Users\costi\OneDrive\Escritorio\docs\CTD\Bimestre 5\backendproyectos\ProyectoClinica\clinica\clinica\src\main\java\com\example\clinica\controller\TurnoController.java
C:\Users\costi\OneDrive\Escritorio\docs\CTD\Bimestre 5\backendproyectos\ProyectoClinica\clinica\clinica\src\main\java\com\example\clinica\service\TurnoService.java
C:\Users\costi\OneDrive\Escritorio\docs\CTD\Bimestre 5\backendproyectos\ProyectoClinica\clinica\clinica\src\main\java\com\example\clinica\entities\UsuarioRol.java
C:\Users\costi\OneDrive\Escritorio\docs\CTD\Bimestre 5\backendproyectos\ProyectoClinica\clinica\clinica\src\main\java\com\example\clinica\controller\PacienteController.java
C:\Users\costi\OneDrive\Escritorio\docs\CTD\Bimestre 5\backendproyectos\ProyectoClinica\clinica\clinica\src\main\java\com\example\clinica\entities\Usuario.java
C:\Users\costi\OneDrive\Escritorio\docs\CTD\Bimestre 5\backendproyectos\ProyectoClinica\clinica\clinica\src\main\java\com\example\clinica\repository\TurnoRepository.java
C:\Users\costi\OneDrive\Escritorio\docs\CTD\Bimestre 5\backendproyectos\ProyectoClinica\clinica\clinica\src\main\java\com\example\clinica\service\UsuarioService.java
C:\Users\costi\OneDrive\Escritorio\docs\CTD\Bimestre 5\backendproyectos\ProyectoClinica\clinica\clinica\src\main\java\com\example\clinica\repository\PacienteRepository.java
C:\Users\costi\OneDrive\Escritorio\docs\CTD\Bimestre 5\backendproyectos\ProyectoClinica\clinica\clinica\src\main\java\com\example\clinica\controller\DomicilioController.java
